// Jest Snapshot v1, https://goo.gl/fbAQLP

exports[`expect to snapshot CardList component 1`] = `
<div>
  <Card
    email="john@gmail.com"
    key="1"
  />
</div>
`;
