// Jest Snapshot v1, https://goo.gl/fbAQLP

exports[`expect to snapshot Header component 1`] = `
<h1
  className="text-5xl mb-9 mt-9"
>
  RoboFriends
</h1>
`;
